Testing: NONE vs abc
a
b
c
RETURNED 0

Testing: ab vs ab
RETURNED 0

Testing: ab vs abc
ERROR : abc.rosinstall : b(git@github.com:ethz-asl/b.git, b) differs from former ab.rosinstall : b(git@github.com:ethz-asl/b.git, None) (different versions / URIs for the same local-name are not supported)
c
RETURNED 255

Testing: ab vs workspace/test_repos/
c
RETURNED 0
